
Discarded input sections

 .text          0x0000000000000000        0x0 ..\obj\semihosting.o
 .data          0x0000000000000000        0x0 ..\obj\semihosting.o
 .bss           0x0000000000000000       0x11 ..\obj\semihosting.o
 .text.SH_SendChar
                0x0000000000000000       0x64 ..\obj\semihosting.o
 .text.SH_SendString
                0x0000000000000000       0x1e ..\obj\semihosting.o
 .text.SH_GetChar
                0x0000000000000000       0x3e ..\obj\semihosting.o
 .debug_info    0x0000000000000000      0x154 ..\obj\semihosting.o
 .debug_abbrev  0x0000000000000000       0xef ..\obj\semihosting.o
 .debug_aranges
                0x0000000000000000       0x30 ..\obj\semihosting.o
 .debug_rnglists
                0x0000000000000000       0x1f ..\obj\semihosting.o
 .debug_line    0x0000000000000000       0xf1 ..\obj\semihosting.o
 .debug_str     0x0000000000000000      0x1ae ..\obj\semihosting.o
 .comment       0x0000000000000000       0x3a ..\obj\semihosting.o
 .debug_frame   0x0000000000000000       0x7c ..\obj\semihosting.o
 .ARM.attributes
                0x0000000000000000       0x2d ..\obj\semihosting.o
 .text          0x0000000000000000        0x0 ..\obj\system_stm32f10x.o
 .data          0x0000000000000000       0x14 ..\obj\system_stm32f10x.o
 .bss           0x0000000000000000        0x0 ..\obj\system_stm32f10x.o
 .text.SystemCoreClockUpdate
                0x0000000000000000       0xe4 ..\obj\system_stm32f10x.o
 .text          0x0000000000000000        0x0 ..\obj\startup_stm32f10x_md.o
 .data          0x0000000000000000        0x0 ..\obj\startup_stm32f10x_md.o
 .bss           0x0000000000000000        0x0 ..\obj\startup_stm32f10x_md.o
 .text          0x0000000000000000        0x0 ..\obj\stm32f10x_gpio.o
 .data          0x0000000000000000        0x0 ..\obj\stm32f10x_gpio.o
 .bss           0x0000000000000000        0x0 ..\obj\stm32f10x_gpio.o
 .text.GPIO_DeInit
                0x0000000000000000       0xe4 ..\obj\stm32f10x_gpio.o
 .text.GPIO_AFIODeInit
                0x0000000000000000       0x18 ..\obj\stm32f10x_gpio.o
 .text.GPIO_StructInit
                0x0000000000000000       0x26 ..\obj\stm32f10x_gpio.o
 .text.GPIO_ReadInputDataBit
                0x0000000000000000       0x32 ..\obj\stm32f10x_gpio.o
 .text.GPIO_ReadInputData
                0x0000000000000000       0x18 ..\obj\stm32f10x_gpio.o
 .text.GPIO_ReadOutputDataBit
                0x0000000000000000       0x32 ..\obj\stm32f10x_gpio.o
 .text.GPIO_ReadOutputData
                0x0000000000000000       0x18 ..\obj\stm32f10x_gpio.o
 .text.GPIO_SetBits
                0x0000000000000000       0x1c ..\obj\stm32f10x_gpio.o
 .text.GPIO_Write
                0x0000000000000000       0x1c ..\obj\stm32f10x_gpio.o
 .text.GPIO_PinLockConfig
                0x0000000000000000       0x42 ..\obj\stm32f10x_gpio.o
 .text.GPIO_EventOutputConfig
                0x0000000000000000       0x4c ..\obj\stm32f10x_gpio.o
 .text.GPIO_EventOutputCmd
                0x0000000000000000       0x20 ..\obj\stm32f10x_gpio.o
 .text.GPIO_PinRemapConfig
                0x0000000000000000       0xe0 ..\obj\stm32f10x_gpio.o
 .text.GPIO_EXTILineConfig
                0x0000000000000000       0x80 ..\obj\stm32f10x_gpio.o
 .text.GPIO_ETH_MediaInterfaceConfig
                0x0000000000000000       0x1c ..\obj\stm32f10x_gpio.o
 .text          0x0000000000000000        0x0 ..\obj\main.o
 .data          0x0000000000000000        0x0 ..\obj\main.o
 .text          0x0000000000000000        0x0 ..\obj\printf.o
 .data          0x0000000000000000      0x124 ..\obj\printf.o
 .bss           0x0000000000000000        0x0 ..\obj\printf.o
 .text.PrintChar
                0x0000000000000000       0x1a ..\obj\printf.o
 .text.PutChar  0x0000000000000000       0x1e ..\obj\printf.o
 .text.PutString
                0x0000000000000000       0x3a ..\obj\printf.o
 .text.PutUnsignedInt
                0x0000000000000000       0x9c ..\obj\printf.o
 .text.PutSignedInt
                0x0000000000000000       0xf8 ..\obj\printf.o
 .text.PutHexa  0x0000000000000000       0xd4 ..\obj\printf.o
 .text.vsnprintf
                0x0000000000000000      0x254 ..\obj\printf.o
 .text.snprintf
                0x0000000000000000       0x30 ..\obj\printf.o
 .text.vsprintf
                0x0000000000000000       0x22 ..\obj\printf.o
 .rodata        0x0000000000000000       0x24 ..\obj\printf.o
 .text.vfprintf
                0x0000000000000000       0x68 ..\obj\printf.o
 .text.vprintf  0x0000000000000000       0x28 ..\obj\printf.o
 .text.fprintf  0x0000000000000000       0x2c ..\obj\printf.o
 .text.printf   0x0000000000000000       0x28 ..\obj\printf.o
 .text.sprintf  0x0000000000000000       0x2c ..\obj\printf.o
 .text.puts     0x0000000000000000       0x24 ..\obj\printf.o
 .text.fputc    0x0000000000000000       0x40 ..\obj\printf.o
 .text.fputs    0x0000000000000000       0x48 ..\obj\printf.o
 .debug_info    0x0000000000000000      0xce5 ..\obj\printf.o
 .debug_abbrev  0x0000000000000000      0x2d5 ..\obj\printf.o
 .debug_aranges
                0x0000000000000000       0xa0 ..\obj\printf.o
 .debug_rnglists
                0x0000000000000000       0x77 ..\obj\printf.o
 .debug_line    0x0000000000000000      0x56f ..\obj\printf.o
 .debug_str     0x0000000000000000      0x59a ..\obj\printf.o
 .comment       0x0000000000000000       0x3a ..\obj\printf.o
 .debug_frame   0x0000000000000000      0x2d8 ..\obj\printf.o
 .ARM.attributes
                0x0000000000000000       0x2d ..\obj\printf.o
 .text          0x0000000000000000        0x0 ..\obj\stm32f10x_rcc.o
 .data          0x0000000000000000       0x14 ..\obj\stm32f10x_rcc.o
 .bss           0x0000000000000000        0x0 ..\obj\stm32f10x_rcc.o
 .text.RCC_DeInit
                0x0000000000000000       0x5c ..\obj\stm32f10x_rcc.o
 .text.RCC_HSEConfig
                0x0000000000000000       0x5c ..\obj\stm32f10x_rcc.o
 .text.RCC_WaitForHSEStartUp
                0x0000000000000000       0x50 ..\obj\stm32f10x_rcc.o
 .text.RCC_AdjustHSICalibrationValue
                0x0000000000000000       0x3c ..\obj\stm32f10x_rcc.o
 .text.RCC_HSICmd
                0x0000000000000000       0x20 ..\obj\stm32f10x_rcc.o
 .text.RCC_PLLConfig
                0x0000000000000000       0x3c ..\obj\stm32f10x_rcc.o
 .text.RCC_PLLCmd
                0x0000000000000000       0x20 ..\obj\stm32f10x_rcc.o
 .text.RCC_SYSCLKConfig
                0x0000000000000000       0x38 ..\obj\stm32f10x_rcc.o
 .text.RCC_GetSYSCLKSource
                0x0000000000000000       0x1c ..\obj\stm32f10x_rcc.o
 .text.RCC_HCLKConfig
                0x0000000000000000       0x38 ..\obj\stm32f10x_rcc.o
 .text.RCC_PCLK1Config
                0x0000000000000000       0x38 ..\obj\stm32f10x_rcc.o
 .text.RCC_PCLK2Config
                0x0000000000000000       0x38 ..\obj\stm32f10x_rcc.o
 .text.RCC_ITConfig
                0x0000000000000000       0x4c ..\obj\stm32f10x_rcc.o
 .text.RCC_USBCLKConfig
                0x0000000000000000       0x1c ..\obj\stm32f10x_rcc.o
 .text.RCC_LSEConfig
                0x0000000000000000       0x40 ..\obj\stm32f10x_rcc.o
 .text.RCC_LSICmd
                0x0000000000000000       0x20 ..\obj\stm32f10x_rcc.o
 .text.RCC_RTCCLKConfig
                0x0000000000000000       0x24 ..\obj\stm32f10x_rcc.o
 .text.RCC_RTCCLKCmd
                0x0000000000000000       0x20 ..\obj\stm32f10x_rcc.o
 .text.RCC_GetClocksFreq
                0x0000000000000000      0x16c ..\obj\stm32f10x_rcc.o
 .text.RCC_APB1PeriphClockCmd
                0x0000000000000000       0x3c ..\obj\stm32f10x_rcc.o
 .text.RCC_APB2PeriphResetCmd
                0x0000000000000000       0x3c ..\obj\stm32f10x_rcc.o
 .text.RCC_APB1PeriphResetCmd
                0x0000000000000000       0x3c ..\obj\stm32f10x_rcc.o
 .text.RCC_BackupResetCmd
                0x0000000000000000       0x20 ..\obj\stm32f10x_rcc.o
 .text.RCC_ClockSecuritySystemCmd
                0x0000000000000000       0x20 ..\obj\stm32f10x_rcc.o
 .text.RCC_MCOConfig
                0x0000000000000000       0x20 ..\obj\stm32f10x_rcc.o
 .text.RCC_GetFlagStatus
                0x0000000000000000       0x74 ..\obj\stm32f10x_rcc.o
 .text.RCC_ClearFlag
                0x0000000000000000       0x1c ..\obj\stm32f10x_rcc.o
 .text.RCC_GetITStatus
                0x0000000000000000       0x34 ..\obj\stm32f10x_rcc.o
 .text.RCC_ClearITPendingBit
                0x0000000000000000       0x20 ..\obj\stm32f10x_rcc.o
 .text          0x0000000000000000        0x0 ..\obj\stm32f10x_exti.o
 .data          0x0000000000000000        0x0 ..\obj\stm32f10x_exti.o
 .bss           0x0000000000000000        0x0 ..\obj\stm32f10x_exti.o
 .text.EXTI_DeInit
                0x0000000000000000       0x34 ..\obj\stm32f10x_exti.o
 .text.EXTI_Init
                0x0000000000000000       0xe4 ..\obj\stm32f10x_exti.o
 .text.EXTI_StructInit
                0x0000000000000000       0x2a ..\obj\stm32f10x_exti.o
 .text.EXTI_GenerateSWInterrupt
                0x0000000000000000       0x24 ..\obj\stm32f10x_exti.o
 .text.EXTI_GetFlagStatus
                0x0000000000000000       0x34 ..\obj\stm32f10x_exti.o
 .text.EXTI_ClearFlag
                0x0000000000000000       0x1c ..\obj\stm32f10x_exti.o
 .text.EXTI_GetITStatus
                0x0000000000000000       0x48 ..\obj\stm32f10x_exti.o
 .text.EXTI_ClearITPendingBit
                0x0000000000000000       0x1c ..\obj\stm32f10x_exti.o
 .debug_info    0x0000000000000000      0x31e ..\obj\stm32f10x_exti.o
 .debug_abbrev  0x0000000000000000      0x178 ..\obj\stm32f10x_exti.o
 .debug_aranges
                0x0000000000000000       0x58 ..\obj\stm32f10x_exti.o
 .debug_rnglists
                0x0000000000000000       0x3e ..\obj\stm32f10x_exti.o
 .debug_line    0x0000000000000000      0x343 ..\obj\stm32f10x_exti.o
 .debug_str     0x0000000000000000      0x340 ..\obj\stm32f10x_exti.o
 .comment       0x0000000000000000       0x3a ..\obj\stm32f10x_exti.o
 .debug_frame   0x0000000000000000      0x148 ..\obj\stm32f10x_exti.o
 .ARM.attributes
                0x0000000000000000       0x2d ..\obj\stm32f10x_exti.o
 .text          0x0000000000000000        0x0 ..\obj\stm32f10x_adc.o
 .data          0x0000000000000000        0x0 ..\obj\stm32f10x_adc.o
 .bss           0x0000000000000000        0x0 ..\obj\stm32f10x_adc.o
 .text.ADC_DeInit
                0x0000000000000000       0x74 ..\obj\stm32f10x_adc.o
 .text.ADC_StructInit
                0x0000000000000000       0x36 ..\obj\stm32f10x_adc.o
 .text.ADC_ITConfig
                0x0000000000000000       0x44 ..\obj\stm32f10x_adc.o
 .text.ADC_GetSoftwareStartConvStatus
                0x0000000000000000       0x2e ..\obj\stm32f10x_adc.o
 .text.ADC_DiscModeChannelCountConfig
                0x0000000000000000       0x42 ..\obj\stm32f10x_adc.o
 .text.ADC_DiscModeCmd
                0x0000000000000000       0x36 ..\obj\stm32f10x_adc.o
 .text.ADC_ExternalTrigConvCmd
                0x0000000000000000       0x36 ..\obj\stm32f10x_adc.o
 .text.ADC_GetConversionValue
                0x0000000000000000       0x18 ..\obj\stm32f10x_adc.o
 .text.ADC_GetDualModeConversionValue
                0x0000000000000000       0x14 ..\obj\stm32f10x_adc.o
 .text.ADC_AutoInjectedConvCmd
                0x0000000000000000       0x36 ..\obj\stm32f10x_adc.o
 .text.ADC_InjectedDiscModeCmd
                0x0000000000000000       0x36 ..\obj\stm32f10x_adc.o
 .text.ADC_ExternalTrigInjectedConvConfig
                0x0000000000000000       0x34 ..\obj\stm32f10x_adc.o
 .text.ADC_ExternalTrigInjectedConvCmd
                0x0000000000000000       0x36 ..\obj\stm32f10x_adc.o
 .text.ADC_SoftwareStartInjectedConvCmd
                0x0000000000000000       0x36 ..\obj\stm32f10x_adc.o
 .text.ADC_GetSoftwareStartInjectedConvCmdStatus
                0x0000000000000000       0x2e ..\obj\stm32f10x_adc.o
 .text.ADC_InjectedChannelConfig
                0x0000000000000000      0x120 ..\obj\stm32f10x_adc.o
 .text.ADC_InjectedSequencerLengthConfig
                0x0000000000000000       0x42 ..\obj\stm32f10x_adc.o
 .text.ADC_SetInjectedOffset
                0x0000000000000000       0x32 ..\obj\stm32f10x_adc.o
 .text.ADC_GetInjectedConversionValue
                0x0000000000000000       0x2e ..\obj\stm32f10x_adc.o
 .text.ADC_AnalogWatchdogCmd
                0x0000000000000000       0x38 ..\obj\stm32f10x_adc.o
 .text.ADC_AnalogWatchdogThresholdsConfig
                0x0000000000000000       0x26 ..\obj\stm32f10x_adc.o
 .text.ADC_AnalogWatchdogSingleChannelConfig
                0x0000000000000000       0x36 ..\obj\stm32f10x_adc.o
 .text.ADC_TempSensorVrefintCmd
                0x0000000000000000       0x38 ..\obj\stm32f10x_adc.o
 .text.ADC_GetFlagStatus
                0x0000000000000000       0x32 ..\obj\stm32f10x_adc.o
 .text.ADC_ClearFlag
                0x0000000000000000       0x1e ..\obj\stm32f10x_adc.o
 .text.ADC_GetITStatus
                0x0000000000000000       0x54 ..\obj\stm32f10x_adc.o
 .text.ADC_ClearITPendingBit
                0x0000000000000000       0x2a ..\obj\stm32f10x_adc.o
 .data          0x0000000000000000        0x0 ..\obj\sh_cmd.o
 .bss           0x0000000000000000        0x0 ..\obj\sh_cmd.o
 .text          0x0000000000000000        0x0 ..\obj\syscalls.o
 .data          0x0000000000000000        0x0 ..\obj\syscalls.o
 .bss           0x0000000000000000        0x4 ..\obj\syscalls.o
 .text._sbrk    0x0000000000000000       0x3c ..\obj\syscalls.o
 .text.link     0x0000000000000000       0x18 ..\obj\syscalls.o
 .text._close   0x0000000000000000       0x16 ..\obj\syscalls.o
 .text._fstat   0x0000000000000000       0x1e ..\obj\syscalls.o
 .text._isatty  0x0000000000000000       0x14 ..\obj\syscalls.o
 .text._lseek   0x0000000000000000       0x18 ..\obj\syscalls.o
 .text._read    0x0000000000000000       0x18 ..\obj\syscalls.o
 .text._write   0x0000000000000000       0x18 ..\obj\syscalls.o
 .text.abort    0x0000000000000000        0x8 ..\obj\syscalls.o
 .debug_info    0x0000000000000000      0x47a ..\obj\syscalls.o
 .debug_abbrev  0x0000000000000000      0x117 ..\obj\syscalls.o
 .debug_aranges
                0x0000000000000000       0x60 ..\obj\syscalls.o
 .debug_rnglists
                0x0000000000000000       0x43 ..\obj\syscalls.o
 .debug_line    0x0000000000000000      0x265 ..\obj\syscalls.o
 .debug_str     0x0000000000000000      0x30e ..\obj\syscalls.o
 .comment       0x0000000000000000       0x3a ..\obj\syscalls.o
 .debug_frame   0x0000000000000000      0x168 ..\obj\syscalls.o
 .ARM.attributes
                0x0000000000000000       0x2d ..\obj\syscalls.o
 .text          0x0000000000000000        0x0 ..\obj\stm32f10x_dma.o
 .data          0x0000000000000000        0x0 ..\obj\stm32f10x_dma.o
 .bss           0x0000000000000000        0x0 ..\obj\stm32f10x_dma.o
 .text.DMA_StructInit
                0x0000000000000000       0x54 ..\obj\stm32f10x_dma.o
 .text.DMA_ITConfig
                0x0000000000000000       0x3a ..\obj\stm32f10x_dma.o
 .text.DMA_SetCurrDataCounter
                0x0000000000000000       0x1c ..\obj\stm32f10x_dma.o
 .text.DMA_GetCurrDataCounter
                0x0000000000000000       0x18 ..\obj\stm32f10x_dma.o
 .text.DMA_GetFlagStatus
                0x0000000000000000       0x50 ..\obj\stm32f10x_dma.o
 .text.DMA_ClearFlag
                0x0000000000000000       0x34 ..\obj\stm32f10x_dma.o
 .text.DMA_GetITStatus
                0x0000000000000000       0x50 ..\obj\stm32f10x_dma.o
 .text.DMA_ClearITPendingBit
                0x0000000000000000       0x34 ..\obj\stm32f10x_dma.o
 .text          0x0000000000000000        0x0 ..\obj\misc.o
 .data          0x0000000000000000        0x0 ..\obj\misc.o
 .bss           0x0000000000000000        0x0 ..\obj\misc.o
 .text.NVIC_PriorityGroupConfig
                0x0000000000000000       0x24 ..\obj\misc.o
 .text.NVIC_Init
                0x0000000000000000       0xc4 ..\obj\misc.o
 .text.NVIC_SetVectorTable
                0x0000000000000000       0x2c ..\obj\misc.o
 .text.NVIC_SystemLPConfig
                0x0000000000000000       0x40 ..\obj\misc.o
 .text.SysTick_CLKSourceConfig
                0x0000000000000000       0x38 ..\obj\misc.o
 .debug_info    0x0000000000000000      0x4f6 ..\obj\misc.o
 .debug_abbrev  0x0000000000000000      0x17d ..\obj\misc.o
 .debug_aranges
                0x0000000000000000       0x40 ..\obj\misc.o
 .debug_rnglists
                0x0000000000000000       0x2c ..\obj\misc.o
 .debug_line    0x0000000000000000      0x2bb ..\obj\misc.o
 .debug_str     0x0000000000000000      0x3b5 ..\obj\misc.o
 .comment       0x0000000000000000       0x3a ..\obj\misc.o
 .debug_frame   0x0000000000000000       0xd8 ..\obj\misc.o
 .ARM.attributes
                0x0000000000000000       0x2d ..\obj\misc.o

Memory Configuration

Name             Origin             Length             Attributes
rom              0x0000000008000000 0x0000000000010000 xr
ram              0x0000000020000000 0x0000000000005000 xrw
*default*        0x0000000000000000 0xffffffffffffffff

Linker script and memory map

                0x0000000020005000                _eram = 0x20005000

.text           0x0000000008000000      0xda8
 *(.isr_vector)
 .isr_vector    0x0000000008000000      0x10c ..\obj\startup_stm32f10x_md.o
                0x0000000008000000                g_pfnVectors
 *(.text*)
 .text.SystemInit
                0x000000000800010c       0x68 ..\obj\system_stm32f10x.o
                0x000000000800010c                SystemInit
 .text.SetSysClock
                0x0000000008000174        0xc ..\obj\system_stm32f10x.o
 .text.SetSysClockTo72
                0x0000000008000180      0x100 ..\obj\system_stm32f10x.o
 .text.Default_Reset_Handler
                0x0000000008000280       0x60 ..\obj\startup_stm32f10x_md.o
                0x0000000008000280                Default_Reset_Handler
                0x0000000008000280                Reset_Handler
 .text.Default_Handler
                0x00000000080002e0        0x8 ..\obj\startup_stm32f10x_md.o
                0x00000000080002e0                EXTI2_IRQHandler
                0x00000000080002e0                DebugMon_Handler
                0x00000000080002e0                TIM1_CC_IRQHandler
                0x00000000080002e0                SysTick_Handler
                0x00000000080002e0                PVD_IRQHandler
                0x00000000080002e0                PendSV_Handler
                0x00000000080002e0                NMI_Handler
                0x00000000080002e0                EXTI3_IRQHandler
                0x00000000080002e0                EXTI0_IRQHandler
                0x00000000080002e0                I2C2_EV_IRQHandler
                0x00000000080002e0                UsageFault_Handler
                0x00000000080002e0                ADC1_2_IRQHandler
                0x00000000080002e0                SPI1_IRQHandler
                0x00000000080002e0                TAMPER_IRQHandler
                0x00000000080002e0                DMA1_Channel4_IRQHandler
                0x00000000080002e0                USART3_IRQHandler
                0x00000000080002e0                RTC_IRQHandler
                0x00000000080002e0                DMA1_Channel7_IRQHandler
                0x00000000080002e0                CAN1_RX1_IRQHandler
                0x00000000080002e0                TIM4_IRQHandler
                0x00000000080002e0                I2C1_EV_IRQHandler
                0x00000000080002e0                DMA1_Channel6_IRQHandler
                0x00000000080002e0                TIM3_IRQHandler
                0x00000000080002e0                RCC_IRQHandler
                0x00000000080002e0                TIM1_TRG_COM_IRQHandler
                0x00000000080002e0                DMA1_Channel1_IRQHandler
                0x00000000080002e0                EXTI15_10_IRQHandler
                0x00000000080002e0                EXTI9_5_IRQHandler
                0x00000000080002e0                SPI2_IRQHandler
                0x00000000080002e0                MemManage_Handler
                0x00000000080002e0                SVC_Handler
                0x00000000080002e0                DMA1_Channel5_IRQHandler
                0x00000000080002e0                EXTI4_IRQHandler
                0x00000000080002e0                USB_LP_CAN1_RX0_IRQHandler
                0x00000000080002e0                USB_HP_CAN1_TX_IRQHandler
                0x00000000080002e0                DMA1_Channel3_IRQHandler
                0x00000000080002e0                TIM1_UP_IRQHandler
                0x00000000080002e0                WWDG_IRQHandler
                0x00000000080002e0                TIM2_IRQHandler
                0x00000000080002e0                TIM1_BRK_IRQHandler
                0x00000000080002e0                EXTI1_IRQHandler
                0x00000000080002e0                RTCAlarm_IRQHandler
                0x00000000080002e0                USART2_IRQHandler
                0x00000000080002e0                I2C2_ER_IRQHandler
                0x00000000080002e0                DMA1_Channel2_IRQHandler
                0x00000000080002e0                CAN1_SCE_IRQHandler
                0x00000000080002e0                FLASH_IRQHandler
                0x00000000080002e0                BusFault_Handler
                0x00000000080002e0                USART1_IRQHandler
                0x00000000080002e0                I2C1_ER_IRQHandler
                0x00000000080002e0                USBWakeUp_IRQHandler
 .text.GPIO_Init
                0x00000000080002e8      0x178 ..\obj\stm32f10x_gpio.o
                0x00000000080002e8                GPIO_Init
 .text.GPIO_ResetBits
                0x0000000008000460       0x1c ..\obj\stm32f10x_gpio.o
                0x0000000008000460                GPIO_ResetBits
 .text.GPIO_WriteBit
                0x000000000800047c       0x2e ..\obj\stm32f10x_gpio.o
                0x000000000800047c                GPIO_WriteBit
 .text.delay    0x00000000080004aa       0x26 ..\obj\main.o
                0x00000000080004aa                delay
 .text.full_reset
                0x00000000080004d0       0x18 ..\obj\main.o
                0x00000000080004d0                full_reset
 .text.main     0x00000000080004e8      0x24c ..\obj\main.o
                0x00000000080004e8                main
 .text.RCC_ADCCLKConfig
                0x0000000008000734       0x38 ..\obj\stm32f10x_rcc.o
                0x0000000008000734                RCC_ADCCLKConfig
 .text.RCC_AHBPeriphClockCmd
                0x000000000800076c       0x3c ..\obj\stm32f10x_rcc.o
                0x000000000800076c                RCC_AHBPeriphClockCmd
 .text.RCC_APB2PeriphClockCmd
                0x00000000080007a8       0x3c ..\obj\stm32f10x_rcc.o
                0x00000000080007a8                RCC_APB2PeriphClockCmd
 .text.ADC_Init
                0x00000000080007e4       0xa4 ..\obj\stm32f10x_adc.o
                0x00000000080007e4                ADC_Init
 .text.ADC_Cmd  0x0000000008000888       0x36 ..\obj\stm32f10x_adc.o
                0x0000000008000888                ADC_Cmd
 .text.ADC_DMACmd
                0x00000000080008be       0x36 ..\obj\stm32f10x_adc.o
                0x00000000080008be                ADC_DMACmd
 .text.ADC_ResetCalibration
                0x00000000080008f4       0x1e ..\obj\stm32f10x_adc.o
                0x00000000080008f4                ADC_ResetCalibration
 .text.ADC_GetResetCalibrationStatus
                0x0000000008000912       0x2e ..\obj\stm32f10x_adc.o
                0x0000000008000912                ADC_GetResetCalibrationStatus
 .text.ADC_StartCalibration
                0x0000000008000940       0x1e ..\obj\stm32f10x_adc.o
                0x0000000008000940                ADC_StartCalibration
 .text.ADC_GetCalibrationStatus
                0x000000000800095e       0x2e ..\obj\stm32f10x_adc.o
                0x000000000800095e                ADC_GetCalibrationStatus
 .text.ADC_SoftwareStartConvCmd
                0x000000000800098c       0x36 ..\obj\stm32f10x_adc.o
                0x000000000800098c                ADC_SoftwareStartConvCmd
 .text.ADC_RegularChannelConfig
                0x00000000080009c2      0x192 ..\obj\stm32f10x_adc.o
                0x00000000080009c2                ADC_RegularChannelConfig
 .text          0x0000000008000b54       0x26 ..\obj\sh_cmd.o
                0x0000000008000b54                SH_DoCommand
                0x0000000008000b66                HardFault_Handler
 *fill*         0x0000000008000b7a        0x2 
 .text.DMA_DeInit
                0x0000000008000b7c      0x178 ..\obj\stm32f10x_dma.o
                0x0000000008000b7c                DMA_DeInit
 .text.DMA_Init
                0x0000000008000cf4       0x7c ..\obj\stm32f10x_dma.o
                0x0000000008000cf4                DMA_Init
 .text.DMA_Cmd  0x0000000008000d70       0x38 ..\obj\stm32f10x_dma.o
                0x0000000008000d70                DMA_Cmd
 *(.init)
 *(.fini)
 *crtbegin.o(.ctors)
 *crtbegin?.o(.ctors)
 *(EXCLUDE_FILE(*crtend.o *crtend?.o) .ctors)
 *(SORT_BY_NAME(.ctors.*))
 *(.ctors)
 *crtbegin.o(.dtors)
 *crtbegin?.o(.dtors)
 *(EXCLUDE_FILE(*crtend.o *crtend?.o) .dtors)
 *(SORT_BY_NAME(.dtors.*))
 *(.dtors)
 *(.rodata*)
 *(.eh_fram e*)

.glue_7         0x0000000008000da8        0x0
 .glue_7        0x0000000008000da8        0x0 linker stubs

.glue_7t        0x0000000008000da8        0x0
 .glue_7t       0x0000000008000da8        0x0 linker stubs

.vfp11_veneer   0x0000000008000da8        0x0
 .vfp11_veneer  0x0000000008000da8        0x0 linker stubs

.v4_bx          0x0000000008000da8        0x0
 .v4_bx         0x0000000008000da8        0x0 linker stubs

.iplt           0x0000000008000da8        0x0
 .iplt          0x0000000008000da8        0x0 ..\obj\system_stm32f10x.o

.rel.dyn        0x0000000008000da8        0x0
 .rel.iplt      0x0000000008000da8        0x0 ..\obj\system_stm32f10x.o

.ARM.extab
 *(.ARM.extab* .gnu.linkonce.armextab.*)
                0x0000000008000da8                __exidx_start = .

.ARM.exidx
 *(.ARM.exidx* .gnu.linkonce.armexidx.*)
                0x0000000008000da8                __exidx_end = .
                0x0000000008000da8                __etext = .
                0x0000000008000da8                _sidata = __etext

.data           0x0000000020000000        0x0 load address 0x0000000008000da8
                0x0000000020000000                __data_start__ = .
                0x0000000020000000                _sdata = __data_start__
 *(vtable)
 *(.data*)
                0x0000000020000000                . = ALIGN (0x4)
                [!provide]                        PROVIDE (__preinit_array_start = .)
 *(.preinit_array)
                [!provide]                        PROVIDE (__preinit_array_end = .)
                0x0000000020000000                . = ALIGN (0x4)
                [!provide]                        PROVIDE (__init_array_start = .)
 *(SORT_BY_NAME(.init_array.*))
 *(.init_array)
                [!provide]                        PROVIDE (__init_array_end = .)
                0x0000000020000000                . = ALIGN (0x4)
                [!provide]                        PROVIDE (__fini_array_start = .)
 *(SORT_BY_NAME(.fini_array.*))
 *(.fini_array)
                [!provide]                        PROVIDE (__fini_array_end = .)
 *(.jcr*)
                0x0000000020000000                . = ALIGN (0x4)
                0x0000000020000000                __data_end__ = .
                0x0000000020000000                _edata = __data_end__

.igot.plt       0x0000000020000000        0x0
 .igot.plt      0x0000000020000000        0x0 ..\obj\system_stm32f10x.o

.bss            0x0000000020000000       0x4c
                0x0000000020000000                . = ALIGN (0x4)
                0x0000000020000000                __bss_start__ = .
                0x0000000020000000                _sbss = __bss_start__
 *(.bss*)
 .bss           0x0000000020000000       0x4c ..\obj\main.o
                0x0000000020000000                GPIO_InitStructure
                0x0000000020000004                ADC_InitStructure
                0x0000000020000018                DMA_InitStructure
                0x0000000020000044                ADCConvertedValue
 *(COMMON)
                0x000000002000004c                . = ALIGN (0x4)
                0x000000002000004c                __bss_end__ = .
                0x000000002000004c                _ebss = __bss_end__

.heap           0x000000002000004c        0x0
                0x000000002000004c                __end__ = .
                0x000000002000004c                _end = __end__
                0x000000002000004c                end = __end__
 *(.heap*)
                0x000000002000004c                __HeapLimit = .

.co_stack       0x000000002000004c      0x404
                0x0000000020000050                . = ALIGN (0x8)
 *fill*         0x000000002000004c        0x4 
 *(.co_stack .co_stack.*)
 .co_stack      0x0000000020000050      0x400 ..\obj\startup_stm32f10x_md.o
                0x0000000020000050                pulStack
                0x0000000020005000                __StackTop = (ORIGIN (ram) + LENGTH (ram))
                0x0000000020004bfc                __StackLimit = (__StackTop - SIZEOF (.co_stack))
                [!provide]                        PROVIDE (__stack = __StackTop)
                0x0000000000000001                ASSERT ((__StackLimit >= __HeapLimit), region ram  overflowed with stack)
LOAD ..\obj\semihosting.o
LOAD ..\obj\system_stm32f10x.o
LOAD ..\obj\startup_stm32f10x_md.o
LOAD ..\obj\stm32f10x_gpio.o
LOAD ..\obj\main.o
LOAD ..\obj\printf.o
LOAD ..\obj\stm32f10x_rcc.o
LOAD ..\obj\stm32f10x_exti.o
LOAD ..\obj\stm32f10x_adc.o
LOAD ..\obj\sh_cmd.o
LOAD ..\obj\syscalls.o
LOAD ..\obj\stm32f10x_dma.o
LOAD ..\obj\misc.o
START GROUP
LOAD c:/gcc/xpack-arm-none-eabi-gcc-12.2.1-1.2/bin/../lib/gcc/arm-none-eabi/12.2.1/thumb/v7-m/nofp\libgcc.a
LOAD c:/gcc/xpack-arm-none-eabi-gcc-12.2.1-1.2/bin/../lib/gcc/arm-none-eabi/12.2.1/../../../../arm-none-eabi/lib/thumb/v7-m/nofp\libg.a
LOAD c:/gcc/xpack-arm-none-eabi-gcc-12.2.1-1.2/bin/../lib/gcc/arm-none-eabi/12.2.1/../../../../arm-none-eabi/lib/thumb/v7-m/nofp\libc.a
END GROUP
OUTPUT(lab3.elf elf32-littlearm)
LOAD linker stubs

.debug_info     0x0000000000000000     0x2ba2
 .debug_info    0x0000000000000000      0x485 ..\obj\system_stm32f10x.o
 .debug_info    0x0000000000000485      0x105 ..\obj\startup_stm32f10x_md.o
 .debug_info    0x000000000000058a      0x6d6 ..\obj\stm32f10x_gpio.o
 .debug_info    0x0000000000000c60      0x756 ..\obj\main.o
 .debug_info    0x00000000000013b6      0x854 ..\obj\stm32f10x_rcc.o
 .debug_info    0x0000000000001c0a      0xb3e ..\obj\stm32f10x_adc.o
 .debug_info    0x0000000000002748       0x24 ..\obj\sh_cmd.o
 .debug_info    0x000000000000276c      0x436 ..\obj\stm32f10x_dma.o

.debug_abbrev   0x0000000000000000      0xbba
 .debug_abbrev  0x0000000000000000      0x17e ..\obj\system_stm32f10x.o
 .debug_abbrev  0x000000000000017e       0xec ..\obj\startup_stm32f10x_md.o
 .debug_abbrev  0x000000000000026a      0x215 ..\obj\stm32f10x_gpio.o
 .debug_abbrev  0x000000000000047f      0x1d9 ..\obj\main.o
 .debug_abbrev  0x0000000000000658      0x1e1 ..\obj\stm32f10x_rcc.o
 .debug_abbrev  0x0000000000000839      0x1da ..\obj\stm32f10x_adc.o
 .debug_abbrev  0x0000000000000a13       0x14 ..\obj\sh_cmd.o
 .debug_abbrev  0x0000000000000a27      0x193 ..\obj\stm32f10x_dma.o

.debug_aranges  0x0000000000000000      0x418
 .debug_aranges
                0x0000000000000000       0x38 ..\obj\system_stm32f10x.o
 .debug_aranges
                0x0000000000000038       0x28 ..\obj\startup_stm32f10x_md.o
 .debug_aranges
                0x0000000000000060       0xa8 ..\obj\stm32f10x_gpio.o
 .debug_aranges
                0x0000000000000108       0x30 ..\obj\main.o
 .debug_aranges
                0x0000000000000138      0x118 ..\obj\stm32f10x_rcc.o
 .debug_aranges
                0x0000000000000250      0x138 ..\obj\stm32f10x_adc.o
 .debug_aranges
                0x0000000000000388       0x20 ..\obj\sh_cmd.o
 .debug_aranges
                0x00000000000003a8       0x70 ..\obj\stm32f10x_dma.o

.debug_rnglists
                0x0000000000000000      0x2e3
 .debug_rnglists
                0x0000000000000000       0x27 ..\obj\system_stm32f10x.o
 .debug_rnglists
                0x0000000000000027       0x19 ..\obj\startup_stm32f10x_md.o
 .debug_rnglists
                0x0000000000000040       0x7d ..\obj\stm32f10x_gpio.o
 .debug_rnglists
                0x00000000000000bd       0x20 ..\obj\main.o
 .debug_rnglists
                0x00000000000000dd       0xce ..\obj\stm32f10x_rcc.o
 .debug_rnglists
                0x00000000000001ab       0xe8 ..\obj\stm32f10x_adc.o
 .debug_rnglists
                0x0000000000000293       0x50 ..\obj\stm32f10x_dma.o

.debug_line     0x0000000000000000     0x2082
 .debug_line    0x0000000000000000      0x32f ..\obj\system_stm32f10x.o
 .debug_line    0x000000000000032f       0xba ..\obj\startup_stm32f10x_md.o
 .debug_line    0x00000000000003e9      0x590 ..\obj\stm32f10x_gpio.o
 .debug_line    0x0000000000000979      0x2d3 ..\obj\main.o
 .debug_line    0x0000000000000c4c      0x74c ..\obj\stm32f10x_rcc.o
 .debug_line    0x0000000000001398      0x84c ..\obj\stm32f10x_adc.o
 .debug_line    0x0000000000001be4       0x5c ..\obj\sh_cmd.o
 .debug_line    0x0000000000001c40      0x442 ..\obj\stm32f10x_dma.o

.debug_str      0x0000000000000000     0x12e9
 .debug_str     0x0000000000000000      0x27f ..\obj\system_stm32f10x.o
                                        0x2e6 (size before relaxing)
 .debug_str     0x000000000000027f       0xaf ..\obj\startup_stm32f10x_md.o
                                        0x172 (size before relaxing)
 .debug_str     0x000000000000032e      0x3c6 ..\obj\stm32f10x_gpio.o
                                        0x527 (size before relaxing)
 .debug_str     0x00000000000006f4      0x34b ..\obj\main.o
                                        0x647 (size before relaxing)
 .debug_str     0x0000000000000a3f      0x38d ..\obj\stm32f10x_rcc.o
                                        0x611 (size before relaxing)
 .debug_str     0x0000000000000dcc      0x3be ..\obj\stm32f10x_adc.o
                                        0x709 (size before relaxing)
 .debug_str     0x000000000000118a       0x42 ..\obj\sh_cmd.o
                                         0x70 (size before relaxing)
 .debug_str     0x00000000000011cc      0x11d ..\obj\stm32f10x_dma.o
                                        0x3ae (size before relaxing)

.comment        0x0000000000000000       0x39
 .comment       0x0000000000000000       0x39 ..\obj\system_stm32f10x.o
                                         0x3a (size before relaxing)
 .comment       0x0000000000000039       0x3a ..\obj\startup_stm32f10x_md.o
 .comment       0x0000000000000039       0x3a ..\obj\stm32f10x_gpio.o
 .comment       0x0000000000000039       0x3a ..\obj\main.o
 .comment       0x0000000000000039       0x3a ..\obj\stm32f10x_rcc.o
 .comment       0x0000000000000039       0x3a ..\obj\stm32f10x_adc.o
 .comment       0x0000000000000039       0x3a ..\obj\stm32f10x_dma.o

.ARM.attributes
                0x0000000000000000       0x2b
 .ARM.attributes
                0x0000000000000000       0x2d ..\obj\system_stm32f10x.o
 .ARM.attributes
                0x000000000000002d       0x2d ..\obj\startup_stm32f10x_md.o
 .ARM.attributes
                0x000000000000005a       0x2d ..\obj\stm32f10x_gpio.o
 .ARM.attributes
                0x0000000000000087       0x2d ..\obj\main.o
 .ARM.attributes
                0x00000000000000b4       0x2d ..\obj\stm32f10x_rcc.o
 .ARM.attributes
                0x00000000000000e1       0x2d ..\obj\stm32f10x_adc.o
 .ARM.attributes
                0x000000000000010e       0x1b ..\obj\sh_cmd.o
 .ARM.attributes
                0x0000000000000129       0x2d ..\obj\stm32f10x_dma.o

.debug_frame    0x0000000000000000     0x1088
 .debug_frame   0x0000000000000000       0x98 ..\obj\system_stm32f10x.o
 .debug_frame   0x0000000000000098       0x4c ..\obj\startup_stm32f10x_md.o
 .debug_frame   0x00000000000000e4      0x2d0 ..\obj\stm32f10x_gpio.o
 .debug_frame   0x00000000000003b4       0x74 ..\obj\main.o
 .debug_frame   0x0000000000000428      0x4f4 ..\obj\stm32f10x_rcc.o
 .debug_frame   0x000000000000091c      0x5a4 ..\obj\stm32f10x_adc.o
 .debug_frame   0x0000000000000ec0      0x1c8 ..\obj\stm32f10x_dma.o

.debug_line_str
                0x0000000000000000       0x62
 .debug_line_str
                0x0000000000000000       0x62 ..\obj\sh_cmd.o
